-
    division: { subKingdom: { kingdom: { id: 1, name: Plantae, links: { self: /api/v1/kingdoms/1, parent: null, childs: null, grandChilds: null } }, id: 1, name: Tracheobionta, slug: tracheobionta, links: { self: /api/v1/subkingdoms/tracheobionta, parent: /api/v1/kingdoms/1, childs: null, grandChilds: null } }, id: 1, name: Magnoliophyta, slug: magnoliophyta, links: { self: /api/v1/divisions/magnoliophyta, parent: /api/v1/subkingdoms/tracheobionta, childs: null, grandChilds: null } }
    id: 1
    name: Magnoliopsida
    slug: magnoliopsida
    links: { self: /api/v1/division_classes/magnoliopsida, parent: /api/v1/divisions/magnoliophyta, childs: null, grandChilds: null }
-
    division: { subKingdom: { kingdom: { id: 1, name: Plantae, links: { self: /api/v1/kingdoms/1, parent: null, childs: null, grandChilds: null } }, id: 1, name: Tracheobionta, slug: tracheobionta, links: { self: /api/v1/subkingdoms/tracheobionta, parent: /api/v1/kingdoms/1, childs: null, grandChilds: null } }, id: 2, name: Coniferophyta, slug: coniferophyta, links: { self: /api/v1/divisions/coniferophyta, parent: /api/v1/subkingdoms/tracheobionta, childs: null, grandChilds: null } }
    id: 2
    name: Pinopsida
    slug: pinopsida
    links: { self: /api/v1/division_classes/pinopsida, parent: /api/v1/divisions/coniferophyta, childs: null, grandChilds: null }
-
    division: null
    id: 3
    name: Bryopsida
    slug: bryopsida
    links: { self: /api/v1/division_classes/bryopsida, parent: null, childs: null, grandChilds: null }
-
    division: { subKingdom: { kingdom: { id: 1, name: Plantae, links: { self: /api/v1/kingdoms/1, parent: null, childs: null, grandChilds: null } }, id: 1, name: Tracheobionta, slug: tracheobionta, links: { self: /api/v1/subkingdoms/tracheobionta, parent: /api/v1/kingdoms/1, childs: null, grandChilds: null } }, id: 1, name: Magnoliophyta, slug: magnoliophyta, links: { self: /api/v1/divisions/magnoliophyta, parent: /api/v1/subkingdoms/tracheobionta, childs: null, grandChilds: null } }
    id: 4
    name: Liliopsida
    slug: liliopsida
    links: { self: /api/v1/division_classes/liliopsida, parent: /api/v1/divisions/magnoliophyta, childs: null, grandChilds: null }
-
    division: null
    id: 5
    name: 'Uncertain Ascomycota Class'
    slug: uncertain-ascomycota-class
    links: { self: /api/v1/division_classes/uncertain-ascomycota-class, parent: null, childs: null, grandChilds: null }
-
    division: null
    id: 6
    name: Ascomycetes
    slug: ascomycetes
    links: { self: /api/v1/division_classes/ascomycetes, parent: null, childs: null, grandChilds: null }
-
    division: null
    id: 7
    name: Hepaticopsida
    slug: hepaticopsida
    links: { self: /api/v1/division_classes/hepaticopsida, parent: null, childs: null, grandChilds: null }
-
    division: { subKingdom: { kingdom: { id: 1, name: Plantae, links: { self: /api/v1/kingdoms/1, parent: null, childs: null, grandChilds: null } }, id: 1, name: Tracheobionta, slug: tracheobionta, links: { self: /api/v1/subkingdoms/tracheobionta, parent: /api/v1/kingdoms/1, childs: null, grandChilds: null } }, id: 3, name: Pteridophyta, slug: pteridophyta, links: { self: /api/v1/divisions/pteridophyta, parent: /api/v1/subkingdoms/tracheobionta, childs: null, grandChilds: null } }
    id: 8
    name: Filicopsida
    slug: filicopsida
    links: { self: /api/v1/division_classes/filicopsida, parent: /api/v1/divisions/pteridophyta, childs: null, grandChilds: null }
-
    division: null
    id: 9
    name: Andreaeopsida
    slug: andreaeopsida
    links: { self: /api/v1/division_classes/andreaeopsida, parent: null, childs: null, grandChilds: null }
-
    division: null
    id: 10
    name: Anthocerotopsida
    slug: anthocerotopsida
    links: { self: /api/v1/division_classes/anthocerotopsida, parent: null, childs: null, grandChilds: null }
-
    division: null
    id: 11
    name: Basidiomycetes
    slug: basidiomycetes
    links: { self: /api/v1/division_classes/basidiomycetes, parent: null, childs: null, grandChilds: null }
-
    division: null
    id: 12
    name: 'Uncertain Basidiomycota Class'
    slug: uncertain-basidiomycota-class
    links: { self: /api/v1/division_classes/uncertain-basidiomycota-class, parent: null, childs: null, grandChilds: null }
-
    division: null
    id: 13
    name: Chlorophyceae
    slug: chlorophyceae
    links: { self: /api/v1/division_classes/chlorophyceae, parent: null, childs: null, grandChilds: null }
-
    division: { subKingdom: { kingdom: { id: 1, name: Plantae, links: { self: /api/v1/kingdoms/1, parent: null, childs: null, grandChilds: null } }, id: 1, name: Tracheobionta, slug: tracheobionta, links: { self: /api/v1/subkingdoms/tracheobionta, parent: /api/v1/kingdoms/1, childs: null, grandChilds: null } }, id: 4, name: Cycadophyta, slug: cycadophyta, links: { self: /api/v1/divisions/cycadophyta, parent: /api/v1/subkingdoms/tracheobionta, childs: null, grandChilds: null } }
    id: 14
    name: Cycadopsida
    slug: cycadopsida
    links: { self: /api/v1/division_classes/cycadopsida, parent: /api/v1/divisions/cycadophyta, childs: null, grandChilds: null }
-
    division: null
    id: 15
    name: Ustomycetes
    slug: ustomycetes
    links: { self: /api/v1/division_classes/ustomycetes, parent: null, childs: null, grandChilds: null }
-
    division: { subKingdom: { kingdom: { id: 1, name: Plantae, links: { self: /api/v1/kingdoms/1, parent: null, childs: null, grandChilds: null } }, id: 1, name: Tracheobionta, slug: tracheobionta, links: { self: /api/v1/subkingdoms/tracheobionta, parent: /api/v1/kingdoms/1, childs: null, grandChilds: null } }, id: 5, name: Gnetophyta, slug: gnetophyta, links: { self: /api/v1/divisions/gnetophyta, parent: /api/v1/subkingdoms/tracheobionta, childs: null, grandChilds: null } }
    id: 16
    name: Gnetopsida
    slug: gnetopsida
    links: { self: /api/v1/division_classes/gnetopsida, parent: /api/v1/divisions/gnetophyta, childs: null, grandChilds: null }
-
    division: { subKingdom: { kingdom: { id: 1, name: Plantae, links: { self: /api/v1/kingdoms/1, parent: null, childs: null, grandChilds: null } }, id: 1, name: Tracheobionta, slug: tracheobionta, links: { self: /api/v1/subkingdoms/tracheobionta, parent: /api/v1/kingdoms/1, childs: null, grandChilds: null } }, id: 6, name: Equisetophyta, slug: equisetophyta, links: { self: /api/v1/divisions/equisetophyta, parent: /api/v1/subkingdoms/tracheobionta, childs: null, grandChilds: null } }
    id: 17
    name: Equisetopsida
    slug: equisetopsida
    links: { self: /api/v1/division_classes/equisetopsida, parent: /api/v1/divisions/equisetophyta, childs: null, grandChilds: null }
-
    division: { subKingdom: { kingdom: { id: 1, name: Plantae, links: { self: /api/v1/kingdoms/1, parent: null, childs: null, grandChilds: null } }, id: 1, name: Tracheobionta, slug: tracheobionta, links: { self: /api/v1/subkingdoms/tracheobionta, parent: /api/v1/kingdoms/1, childs: null, grandChilds: null } }, id: 7, name: Ginkgophyta, slug: ginkgophyta, links: { self: /api/v1/divisions/ginkgophyta, parent: /api/v1/subkingdoms/tracheobionta, childs: null, grandChilds: null } }
    id: 18
    name: Ginkgoopsida
    slug: ginkgoopsida
    links: { self: /api/v1/division_classes/ginkgoopsida, parent: /api/v1/divisions/ginkgophyta, childs: null, grandChilds: null }
-
    division: null
    id: 19
    name: Florideophyceae
    slug: florideophyceae
    links: { self: /api/v1/division_classes/florideophyceae, parent: null, childs: null, grandChilds: null }
-
    division: { subKingdom: { kingdom: { id: 1, name: Plantae, links: { self: /api/v1/kingdoms/1, parent: null, childs: null, grandChilds: null } }, id: 1, name: Tracheobionta, slug: tracheobionta, links: { self: /api/v1/subkingdoms/tracheobionta, parent: /api/v1/kingdoms/1, childs: null, grandChilds: null } }, id: 8, name: Lycopodiophyta, slug: lycopodiophyta, links: { self: /api/v1/divisions/lycopodiophyta, parent: /api/v1/subkingdoms/tracheobionta, childs: null, grandChilds: null } }
    id: 20
    name: Lycopodiopsida
    slug: lycopodiopsida
    links: { self: /api/v1/division_classes/lycopodiopsida, parent: /api/v1/divisions/lycopodiophyta, childs: null, grandChilds: null }
