-
    id: 678281
    commonName: 'Evergreen oak'
    slug: quercus-rotundifolia
    scientificName: 'Quercus rotundifolia'
    year: 1785
    bibliography: 'Encycl. 1: 723 (1785)'
    author: Lam.
    familyCommonName: 'Beech family'
    genusId: 5778
    mainSpeciesId: null
    vegetable: null
    observations: null
    mainSpecies: null
    sources: null
    links: { mainSpecies: /api/v1/species/quercus-rotundifolia, self: /api/v1/plants/quercus-rotundifolia, parent: /api/v1/genus/quercus, childs: null, grandChilds: null }
-
    id: 190500
    commonName: 'Stinging nettle'
    slug: urtica-dioica
    scientificName: 'Urtica dioica'
    year: 1753
    bibliography: 'Sp. Pl.: 984 (1753)'
    author: L.
    familyCommonName: 'Nettle family'
    genusId: 1028
    mainSpeciesId: null
    vegetable: null
    observations: null
    mainSpecies: null
    sources: null
    links: { mainSpecies: /api/v1/species/urtica-dioica, self: /api/v1/plants/urtica-dioica, parent: /api/v1/genus/urtica, childs: null, grandChilds: null }
-
    id: 126957
    commonName: Orchardgrass
    slug: dactylis-glomerata
    scientificName: 'Dactylis glomerata'
    year: 1753
    bibliography: 'Sp. Pl.: 71 (1753)'
    author: L.
    familyCommonName: 'Grass family'
    genusId: 2284
    mainSpeciesId: null
    vegetable: null
    observations: null
    mainSpecies: null
    sources: null
    links: { mainSpecies: /api/v1/species/dactylis-glomerata, self: /api/v1/plants/dactylis-glomerata, parent: /api/v1/genus/dactylis, childs: null, grandChilds: null }
-
    id: 167888
    commonName: 'Narrowleaf plantain'
    slug: plantago-lanceolata
    scientificName: 'Plantago lanceolata'
    year: 1753
    bibliography: 'Sp. Pl.: 113 (1753)'
    author: L.
    familyCommonName: 'Plantain family'
    genusId: 5418
    mainSpeciesId: null
    vegetable: null
    observations: null
    mainSpecies: null
    sources: null
    links: { mainSpecies: /api/v1/species/plantago-lanceolata, self: /api/v1/plants/plantago-lanceolata, parent: /api/v1/genus/plantago, childs: null, grandChilds: null }
-
    id: 173327
    commonName: 'English oak'
    slug: quercus-robur
    scientificName: 'Quercus robur'
    year: 1753
    bibliography: 'Sp. Pl.: 996 (1753)'
    author: L.
    familyCommonName: 'Beech family'
    genusId: 5778
    mainSpeciesId: null
    vegetable: null
    observations: null
    mainSpecies: null
    sources: null
    links: { mainSpecies: /api/v1/species/quercus-robur, self: /api/v1/plants/quercus-robur, parent: /api/v1/genus/quercus, childs: null, grandChilds: null }
-
    id: 137025
    commonName: 'Red fescue'
    slug: festuca-rubra
    scientificName: 'Festuca rubra'
    year: 1753
    bibliography: 'Sp. pl. 1:74.  1753'
    author: L.
    familyCommonName: 'Grass family'
    genusId: 1102
    mainSpeciesId: null
    vegetable: null
    observations: null
    mainSpecies: null
    sources: null
    links: { mainSpecies: /api/v1/species/festuca-rubra, self: /api/v1/plants/festuca-rubra, parent: /api/v1/genus/festuca, childs: null, grandChilds: null }
-
    id: 173910
    commonName: 'Creeping buttercup'
    slug: ranunculus-repens
    scientificName: 'Ranunculus repens'
    year: 1753
    bibliography: 'Sp. Pl.: 554 (1753)'
    author: L.
    familyCommonName: 'Buttercup family'
    genusId: 1607
    mainSpeciesId: null
    vegetable: null
    observations: null
    mainSpecies: null
    sources: null
    links: { mainSpecies: /api/v1/species/ranunculus-repens, self: /api/v1/plants/ranunculus-repens, parent: /api/v1/genus/ranunculus, childs: null, grandChilds: null }
-
    id: 143075
    commonName: 'Common velvetgrass'
    slug: holcus-lanatus
    scientificName: 'Holcus lanatus'
    year: 1753
    bibliography: 'Sp. Pl.: 1048 (1753)'
    author: L.
    familyCommonName: 'Grass family'
    genusId: 1064
    mainSpeciesId: null
    vegetable: null
    observations: null
    mainSpecies: null
    sources: null
    links: { mainSpecies: /api/v1/species/holcus-lanatus, self: /api/v1/plants/holcus-lanatus, parent: /api/v1/genus/holcus, childs: null, grandChilds: null }
-
    id: 189539
    commonName: 'White clover'
    slug: trifolium-repens
    scientificName: 'Trifolium repens'
    year: 1753
    bibliography: 'Sp. Pl.: 767 (1753)'
    author: L.
    familyCommonName: 'Pea family'
    genusId: 5044
    mainSpeciesId: null
    vegetable: null
    observations: null
    mainSpecies: null
    sources: null
    links: { mainSpecies: /api/v1/species/trifolium-repens, self: /api/v1/plants/trifolium-repens, parent: /api/v1/genus/trifolium, childs: null, grandChilds: null }
-
    id: 137834
    commonName: 'European ash'
    slug: fraxinus-excelsior
    scientificName: 'Fraxinus excelsior'
    year: 1753
    bibliography: 'Sp. Pl.: 1057 (1753)'
    author: L.
    familyCommonName: 'Olive family'
    genusId: 3064
    mainSpeciesId: null
    vegetable: null
    observations: null
    mainSpecies: null
    sources: null
    links: { mainSpecies: /api/v1/species/fraxinus-excelsior, self: /api/v1/plants/fraxinus-excelsior, parent: /api/v1/genus/fraxinus, childs: null, grandChilds: null }
-
    id: 124198
    commonName: 'Oneseed hawthorn'
    slug: crataegus-monogyna
    scientificName: 'Crataegus monogyna'
    year: 1775
    bibliography: 'Fl. Austriac. 3: 50 (1775)'
    author: Jacq.
    familyCommonName: 'Rose family'
    genusId: 678
    mainSpeciesId: null
    vegetable: null
    observations: null
    mainSpecies: null
    sources: null
    links: { mainSpecies: /api/v1/species/crataegus-monogyna, self: /api/v1/plants/crataegus-monogyna, parent: /api/v1/genus/crataegus, childs: null, grandChilds: null }
-
    id: 189529
    commonName: 'Red clover'
    slug: trifolium-pratense
    scientificName: 'Trifolium pratense'
    year: 1753
    bibliography: 'Sp. Pl.: 768 (1753)'
    author: L.
    familyCommonName: 'Pea family'
    genusId: 5044
    mainSpeciesId: null
    vegetable: null
    observations: null
    mainSpecies: null
    sources: null
    links: { mainSpecies: /api/v1/species/trifolium-pratense, self: /api/v1/plants/trifolium-pratense, parent: /api/v1/genus/trifolium, childs: null, grandChilds: null }
-
    id: 173587
    commonName: 'Tall buttercup'
    slug: ranunculus-acris
    scientificName: 'Ranunculus acris'
    year: 1753
    bibliography: 'Sp. Pl.: 554 (1753)'
    author: L.
    familyCommonName: 'Buttercup family'
    genusId: 1607
    mainSpeciesId: null
    vegetable: null
    observations: null
    mainSpecies: null
    sources: null
    links: { mainSpecies: /api/v1/species/ranunculus-acris, self: /api/v1/plants/ranunculus-acris, parent: /api/v1/genus/ranunculus, childs: null, grandChilds: null }
-
    id: 123486
    commonName: 'Common filbert'
    slug: corylus-avellana
    scientificName: 'Corylus avellana'
    year: 1753
    bibliography: 'Sp. Pl.: 998 (1753)'
    author: L.
    familyCommonName: 'Birch family'
    genusId: 2057
    mainSpeciesId: null
    vegetable: null
    observations: null
    mainSpecies: null
    sources: null
    links: { mainSpecies: /api/v1/species/corylus-avellana, self: /api/v1/plants/corylus-avellana, parent: /api/v1/genus/corylus, childs: null, grandChilds: null }
-
    id: 136773
    commonName: 'European beech'
    slug: fagus-sylvatica
    scientificName: 'Fagus sylvatica'
    year: 1753
    bibliography: 'Sp. Pl.: 998 (1753)'
    author: L.
    familyCommonName: 'Beech family'
    genusId: 2976
    mainSpeciesId: null
    vegetable: null
    observations: null
    mainSpecies: null
    sources: null
    links: { mainSpecies: /api/v1/species/fagus-sylvatica, self: /api/v1/plants/fagus-sylvatica, parent: /api/v1/genus/fagus, childs: null, grandChilds: null }
-
    id: 146208
    commonName: 'Common rush'
    slug: juncus-effusus
    scientificName: 'Juncus effusus'
    year: 1753
    bibliography: 'Sp. Pl.: 326 (1753)'
    author: L.
    familyCommonName: 'Rush family'
    genusId: 3848
    mainSpeciesId: null
    vegetable: null
    observations: null
    mainSpecies: null
    sources: null
    links: { mainSpecies: /api/v1/species/juncus-effusus, self: /api/v1/plants/juncus-effusus, parent: /api/v1/genus/juncus, childs: null, grandChilds: null }
-
    id: 176845
    commonName: 'Garden sorrel'
    slug: rumex-acetosa
    scientificName: 'Rumex acetosa'
    year: 1753
    bibliography: 'Sp. pl. 1:337.  1753, nom. cons.'
    author: L.
    familyCommonName: 'Buckwheat family'
    genusId: 2722
    mainSpeciesId: null
    vegetable: null
    observations: null
    mainSpecies: null
    sources: null
    links: { mainSpecies: /api/v1/species/rumex-acetosa, self: /api/v1/plants/rumex-acetosa, parent: /api/v1/genus/rumex, childs: null, grandChilds: null }
-
    id: 105790
    commonName: 'Sweet vernalgrass'
    slug: anthoxanthum-odoratum
    scientificName: 'Anthoxanthum odoratum'
    year: 1753
    bibliography: 'Sp. Pl.: 28 (1753)'
    author: L.
    familyCommonName: 'Grass family'
    genusId: 499
    mainSpeciesId: null
    vegetable: null
    observations: null
    mainSpecies: null
    sources: null
    links: { mainSpecies: /api/v1/species/anthoxanthum-odoratum, self: /api/v1/plants/anthoxanthum-odoratum, parent: /api/v1/genus/anthoxanthum, childs: null, grandChilds: null }
-
    id: 137183
    commonName: 'Queen of the meadow'
    slug: filipendula-ulmaria
    scientificName: 'Filipendula ulmaria'
    year: 1879
    bibliography: 'Trudy Imp. S.-Peterburgsk. Bot. Sada 6: 251 (1879)'
    author: '(L.) Maxim.'
    familyCommonName: 'Rose family'
    genusId: 3008
    mainSpeciesId: null
    vegetable: null
    observations: null
    mainSpecies: null
    sources: null
    links: { mainSpecies: /api/v1/species/filipendula-ulmaria, self: /api/v1/plants/filipendula-ulmaria, parent: /api/v1/genus/filipendula, childs: null, grandChilds: null }
-
    id: 101851
    commonName: 'Sycamore maple'
    slug: acer-pseudoplatanus
    scientificName: 'Acer pseudoplatanus'
    year: 1753
    bibliography: 'Sp. pl. 2:1054.  1753'
    author: L.
    familyCommonName: 'Soapberry family'
    genusId: 39
    mainSpeciesId: null
    vegetable: null
    observations: null
    mainSpecies: null
    sources: null
    links: { mainSpecies: /api/v1/species/acer-pseudoplatanus, self: /api/v1/plants/acer-pseudoplatanus, parent: /api/v1/genus/acer, childs: null, grandChilds: null }
