-
    family: { divisionOrder: null, id: 32, name: Orchidaceae, slug: orchidaceae, links: { self: /api/v1/families/orchidaceae, parent: /api/v1/division_orders/orchidales, childs: /api/v1/families/orchidaceae/genus, grandChilds: null } }
    id: 14887
    name: Aa
    slug: aa
    links: { self: /api/v1/genus/aa, parent: /api/v1/families/orchidaceae, childs: /api/v1/genus/aa/plants, grandChilds: /api/v1/genus/aa/species }
-
    family: { divisionOrder: null, id: 21, name: Poaceae, slug: poaceae, links: { self: /api/v1/families/poaceae, parent: /api/v1/division_orders/cyperales, childs: /api/v1/families/poaceae/genus, grandChilds: null } }
    id: 15849
    name: Aakia
    slug: aakia
    links: { self: /api/v1/genus/aakia, parent: /api/v1/families/poaceae, childs: /api/v1/genus/aakia/plants, grandChilds: /api/v1/genus/aakia/species }
-
    family: { divisionOrder: null, id: 594, name: Phyllanthaceae, slug: phyllanthaceae, links: { self: /api/v1/families/phyllanthaceae, parent: null, childs: /api/v1/families/phyllanthaceae/genus, grandChilds: null } }
    id: 35812
    name: Aalius
    slug: aalius
    links: { self: /api/v1/genus/aalius, parent: /api/v1/families/phyllanthaceae, childs: /api/v1/genus/aalius/plants, grandChilds: /api/v1/genus/aalius/species }
-
    family: { divisionOrder: null, id: 594, name: Phyllanthaceae, slug: phyllanthaceae, links: { self: /api/v1/families/phyllanthaceae, parent: null, childs: /api/v1/families/phyllanthaceae/genus, grandChilds: null } }
    id: 35813
    name: Aapaca
    slug: aapaca
    links: { self: /api/v1/genus/aapaca, parent: /api/v1/families/phyllanthaceae, childs: /api/v1/genus/aapaca/plants, grandChilds: /api/v1/genus/aapaca/species }
-
    family: { divisionOrder: null, id: 13, name: Asteraceae, slug: asteraceae, links: { self: /api/v1/families/asteraceae, parent: /api/v1/division_orders/asterales, childs: /api/v1/families/asteraceae/genus, grandChilds: null } }
    id: 9645
    name: Aaronsohnia
    slug: aaronsohnia
    links: { self: /api/v1/genus/aaronsohnia, parent: /api/v1/families/asteraceae, childs: /api/v1/genus/aaronsohnia/plants, grandChilds: /api/v1/genus/aaronsohnia/species }
-
    family: { divisionOrder: null, id: 153, name: Aspleniaceae, slug: aspleniaceae, links: { self: /api/v1/families/aspleniaceae, parent: /api/v1/division_orders/polypodiales, childs: /api/v1/families/aspleniaceae/genus, grandChilds: null } }
    id: 20735
    name: Abacopteris
    slug: abacopteris
    links: { self: /api/v1/genus/abacopteris, parent: /api/v1/families/aspleniaceae, childs: /api/v1/genus/abacopteris/plants, grandChilds: /api/v1/genus/abacopteris/species }
-
    family: { divisionOrder: null, id: 9, name: Fabaceae, slug: fabaceae, links: { self: /api/v1/families/fabaceae, parent: /api/v1/division_orders/fabales, childs: /api/v1/families/fabaceae/genus, grandChilds: null } }
    id: 27248
    name: Abacosa
    slug: abacosa
    links: { self: /api/v1/genus/abacosa, parent: /api/v1/families/fabaceae, childs: /api/v1/genus/abacosa/plants, grandChilds: /api/v1/genus/abacosa/species }
-
    family: { divisionOrder: null, id: 619, name: Melanthiaceae, slug: melanthiaceae, links: { self: /api/v1/families/melanthiaceae, parent: null, childs: /api/v1/families/melanthiaceae/genus, grandChilds: null } }
    id: 30677
    name: Abalon
    slug: abalon
    links: { self: /api/v1/genus/abalon, parent: /api/v1/families/melanthiaceae, childs: /api/v1/genus/abalon/plants, grandChilds: /api/v1/genus/abalon/species }
-
    family: { divisionOrder: null, id: 633, name: Nartheciaceae, slug: nartheciaceae, links: { self: /api/v1/families/nartheciaceae, parent: null, childs: /api/v1/families/nartheciaceae/genus, grandChilds: null } }
    id: 4797
    name: Abama
    slug: abama
    links: { self: /api/v1/genus/abama, parent: /api/v1/families/nartheciaceae, childs: /api/v1/genus/abama/plants, grandChilds: /api/v1/genus/abama/species }
-
    family: { divisionOrder: null, id: 620, name: Colchicaceae, slug: colchicaceae, links: { self: /api/v1/families/colchicaceae, parent: null, childs: /api/v1/families/colchicaceae/genus, grandChilds: null } }
    id: 25291
    name: Abandium
    slug: abandium
    links: { self: /api/v1/genus/abandium, parent: /api/v1/families/colchicaceae, childs: /api/v1/genus/abandium/plants, grandChilds: /api/v1/genus/abandium/species }
-
    family: { divisionOrder: null, id: 581, name: Amaryllidaceae, slug: amaryllidaceae, links: { self: /api/v1/families/amaryllidaceae, parent: null, childs: /api/v1/families/amaryllidaceae/genus, grandChilds: null } }
    id: 18651
    name: Abapus
    slug: abapus
    links: { self: /api/v1/genus/abapus, parent: /api/v1/families/amaryllidaceae, childs: /api/v1/genus/abapus/plants, grandChilds: /api/v1/genus/abapus/species }
-
    family: { divisionOrder: null, id: 9, name: Fabaceae, slug: fabaceae, links: { self: /api/v1/families/fabaceae, parent: /api/v1/division_orders/fabales, childs: /api/v1/families/fabaceae/genus, grandChilds: null } }
    id: 12825
    name: Abarema
    slug: abarema
    links: { self: /api/v1/genus/abarema, parent: /api/v1/families/fabaceae, childs: /api/v1/genus/abarema/plants, grandChilds: /api/v1/genus/abarema/species }
-
    family: { divisionOrder: null, id: 79, name: Brassicaceae, slug: brassicaceae, links: { self: /api/v1/families/brassicaceae, parent: /api/v1/division_orders/capparales, childs: /api/v1/families/brassicaceae/genus, grandChilds: null } }
    id: 23409
    name: Abasicarpon
    slug: abasicarpon
    links: { self: /api/v1/genus/abasicarpon, parent: /api/v1/families/brassicaceae, childs: /api/v1/genus/abasicarpon/plants, grandChilds: /api/v1/genus/abasicarpon/species }
-
    family: { divisionOrder: null, id: 13, name: Asteraceae, slug: asteraceae, links: { self: /api/v1/families/asteraceae, parent: /api/v1/division_orders/asterales, childs: /api/v1/families/asteraceae/genus, grandChilds: null } }
    id: 20880
    name: Abasoloa
    slug: abasoloa
    links: { self: /api/v1/genus/abasoloa, parent: /api/v1/families/asteraceae, childs: /api/v1/genus/abasoloa/plants, grandChilds: /api/v1/genus/abasoloa/species }
-
    family: { divisionOrder: null, id: 484, name: Salicaceae, slug: salicaceae, links: { self: /api/v1/families/salicaceae, parent: /api/v1/division_orders/salicales, childs: /api/v1/families/salicaceae/genus, grandChilds: null } }
    id: 17326
    name: Abatia
    slug: abatia
    links: { self: /api/v1/genus/abatia, parent: /api/v1/families/salicaceae, childs: /api/v1/genus/abatia/plants, grandChilds: /api/v1/genus/abatia/species }
-
    family: { divisionOrder: null, id: 9, name: Fabaceae, slug: fabaceae, links: { self: /api/v1/families/fabaceae, parent: /api/v1/division_orders/fabales, childs: /api/v1/families/fabaceae/genus, grandChilds: null } }
    id: 27249
    name: Abauria
    slug: abauria
    links: { self: /api/v1/genus/abauria, parent: /api/v1/families/fabaceae, childs: /api/v1/genus/abauria/plants, grandChilds: /api/v1/genus/abauria/species }
-
    family: { divisionOrder: null, id: 32, name: Orchidaceae, slug: orchidaceae, links: { self: /api/v1/families/orchidaceae, parent: /api/v1/division_orders/orchidales, childs: /api/v1/families/orchidaceae/genus, grandChilds: null } }
    id: 31908
    name: Abaxianthus
    slug: abaxianthus
    links: { self: /api/v1/genus/abaxianthus, parent: /api/v1/families/orchidaceae, childs: /api/v1/genus/abaxianthus/plants, grandChilds: /api/v1/genus/abaxianthus/species }
-
    family: { divisionOrder: null, id: 79, name: Brassicaceae, slug: brassicaceae, links: { self: /api/v1/families/brassicaceae, parent: /api/v1/division_orders/capparales, childs: /api/v1/families/brassicaceae/genus, grandChilds: null } }
    id: 23410
    name: Abazicarpus
    slug: abazicarpus
    links: { self: /api/v1/genus/abazicarpus, parent: /api/v1/families/brassicaceae, childs: /api/v1/genus/abazicarpus/plants, grandChilds: /api/v1/genus/abazicarpus/species }
-
    family: { divisionOrder: null, id: 172, name: Myrtaceae, slug: myrtaceae, links: { self: /api/v1/families/myrtaceae, parent: /api/v1/division_orders/myrtales, childs: /api/v1/families/myrtaceae/genus, grandChilds: null } }
    id: 31397
    name: Abbevillea
    slug: abbevillea
    links: { self: /api/v1/genus/abbevillea, parent: /api/v1/families/myrtaceae, childs: /api/v1/genus/abbevillea/plants, grandChilds: /api/v1/genus/abbevillea/species }
-
    family: { divisionOrder: null, id: 421, name: Juncaginaceae, slug: juncaginaceae, links: { self: /api/v1/families/juncaginaceae, parent: /api/v1/division_orders/najadales, childs: /api/v1/families/juncaginaceae/genus, grandChilds: null } }
    id: 29291
    name: Abbotia
    slug: abbotia
    links: { self: /api/v1/genus/abbotia, parent: /api/v1/families/juncaginaceae, childs: /api/v1/genus/abbotia/plants, grandChilds: /api/v1/genus/abbotia/species }
