-
    subKingdom: { kingdom: { id: 1, name: Plantae, links: { self: /api/v1/kingdoms/1, parent: null, childs: null, grandChilds: null } }, id: 1, name: Tracheobionta, slug: tracheobionta, links: { self: /api/v1/subkingdoms/tracheobionta, parent: /api/v1/kingdoms/1, childs: null, grandChilds: null } }
    id: 1
    name: Magnoliophyta
    slug: magnoliophyta
    links: { self: /api/v1/divisions/magnoliophyta, parent: /api/v1/subkingdoms/tracheobionta, childs: null, grandChilds: null }
-
    subKingdom: { kingdom: { id: 1, name: Plantae, links: { self: /api/v1/kingdoms/1, parent: null, childs: null, grandChilds: null } }, id: 1, name: Tracheobionta, slug: tracheobionta, links: { self: /api/v1/subkingdoms/tracheobionta, parent: /api/v1/kingdoms/1, childs: null, grandChilds: null } }
    id: 2
    name: Coniferophyta
    slug: coniferophyta
    links: { self: /api/v1/divisions/coniferophyta, parent: /api/v1/subkingdoms/tracheobionta, childs: null, grandChilds: null }
-
    subKingdom: { kingdom: { id: 1, name: Plantae, links: { self: /api/v1/kingdoms/1, parent: null, childs: null, grandChilds: null } }, id: 1, name: Tracheobionta, slug: tracheobionta, links: { self: /api/v1/subkingdoms/tracheobionta, parent: /api/v1/kingdoms/1, childs: null, grandChilds: null } }
    id: 3
    name: Pteridophyta
    slug: pteridophyta
    links: { self: /api/v1/divisions/pteridophyta, parent: /api/v1/subkingdoms/tracheobionta, childs: null, grandChilds: null }
-
    subKingdom: { kingdom: { id: 1, name: Plantae, links: { self: /api/v1/kingdoms/1, parent: null, childs: null, grandChilds: null } }, id: 1, name: Tracheobionta, slug: tracheobionta, links: { self: /api/v1/subkingdoms/tracheobionta, parent: /api/v1/kingdoms/1, childs: null, grandChilds: null } }
    id: 4
    name: Cycadophyta
    slug: cycadophyta
    links: { self: /api/v1/divisions/cycadophyta, parent: /api/v1/subkingdoms/tracheobionta, childs: null, grandChilds: null }
-
    subKingdom: { kingdom: { id: 1, name: Plantae, links: { self: /api/v1/kingdoms/1, parent: null, childs: null, grandChilds: null } }, id: 1, name: Tracheobionta, slug: tracheobionta, links: { self: /api/v1/subkingdoms/tracheobionta, parent: /api/v1/kingdoms/1, childs: null, grandChilds: null } }
    id: 5
    name: Gnetophyta
    slug: gnetophyta
    links: { self: /api/v1/divisions/gnetophyta, parent: /api/v1/subkingdoms/tracheobionta, childs: null, grandChilds: null }
-
    subKingdom: { kingdom: { id: 1, name: Plantae, links: { self: /api/v1/kingdoms/1, parent: null, childs: null, grandChilds: null } }, id: 1, name: Tracheobionta, slug: tracheobionta, links: { self: /api/v1/subkingdoms/tracheobionta, parent: /api/v1/kingdoms/1, childs: null, grandChilds: null } }
    id: 6
    name: Equisetophyta
    slug: equisetophyta
    links: { self: /api/v1/divisions/equisetophyta, parent: /api/v1/subkingdoms/tracheobionta, childs: null, grandChilds: null }
-
    subKingdom: { kingdom: { id: 1, name: Plantae, links: { self: /api/v1/kingdoms/1, parent: null, childs: null, grandChilds: null } }, id: 1, name: Tracheobionta, slug: tracheobionta, links: { self: /api/v1/subkingdoms/tracheobionta, parent: /api/v1/kingdoms/1, childs: null, grandChilds: null } }
    id: 7
    name: Ginkgophyta
    slug: ginkgophyta
    links: { self: /api/v1/divisions/ginkgophyta, parent: /api/v1/subkingdoms/tracheobionta, childs: null, grandChilds: null }
-
    subKingdom: { kingdom: { id: 1, name: Plantae, links: { self: /api/v1/kingdoms/1, parent: null, childs: null, grandChilds: null } }, id: 1, name: Tracheobionta, slug: tracheobionta, links: { self: /api/v1/subkingdoms/tracheobionta, parent: /api/v1/kingdoms/1, childs: null, grandChilds: null } }
    id: 8
    name: Lycopodiophyta
    slug: lycopodiophyta
    links: { self: /api/v1/divisions/lycopodiophyta, parent: /api/v1/subkingdoms/tracheobionta, childs: null, grandChilds: null }
-
    subKingdom: { kingdom: { id: 1, name: Plantae, links: { self: /api/v1/kingdoms/1, parent: null, childs: null, grandChilds: null } }, id: 1, name: Tracheobionta, slug: tracheobionta, links: { self: /api/v1/subkingdoms/tracheobionta, parent: /api/v1/kingdoms/1, childs: null, grandChilds: null } }
    id: 9
    name: Psilophyta
    slug: psilophyta
    links: { self: /api/v1/divisions/psilophyta, parent: /api/v1/subkingdoms/tracheobionta, childs: null, grandChilds: null }
