plants:
    - { id: 150478, commonName: Twinflower, slug: linnaea-borealis, scientificName: 'Linnaea borealis', year: 1753, bibliography: 'Sp. pl. 2:631.  1753', author: L., familyCommonName: 'Honeysuckle family', genusId: 4202, mainSpeciesId: null, vegetable: null, observations: null, mainSpecies: null, sources: null, links: { mainSpecies: /api/v1/species/linnaea-borealis, self: /api/v1/plants/linnaea-borealis, parent: /api/v1/genus/linnaea, childs: null, grandChilds: null } }
    - { id: 150805, commonName: 'Lesser twayblade', slug: neottia-cordata, scientificName: 'Neottia cordata', year: 1817, bibliography: 'De Orchid. Eur.: 37 (1817)', author: '(L.) Rich.', familyCommonName: null, genusId: 4219, mainSpeciesId: null, vegetable: null, observations: null, mainSpecies: null, sources: null, links: { mainSpecies: /api/v1/species/neottia-cordata, self: /api/v1/plants/neottia-cordata, parent: /api/v1/genus/neottia, childs: null, grandChilds: null } }
links:
    self: '/api/v1/plants?range%5Blight%5D=0%2C5&range%5Bph_maximum%5D=0%2C5'
    first: '/api/v1/plants?page=1&range%5Blight%5D=0%2C5&range%5Bph_maximum%5D=0%2C5'
    last: '/api/v1/plants?page=1&range%5Blight%5D=0%2C5&range%5Bph_maximum%5D=0%2C5'
meta:
    total: 2
