subKingdom:
    kingdom: { id: 1, name: Plantae, links: { self: /api/v1/kingdoms/1 } }
    id: 1
    name: Tracheobionta
    slug: tracheobionta
    links: { self: /api/v1/subkingdoms/tracheobionta, kingdom: /api/v1/kingdoms/1 }
id: 1
name: Magnoliophyta
slug: magnoliophyta
links:
    self: /api/v1/divisions/magnoliophyta
    subkingdom: /api/v1/subkingdoms/tracheobionta
