division:
    subKingdom: { kingdom: { id: 1, name: Plantae, links: { self: /api/v1/kingdoms/1, parent: null, childs: null, grandChilds: null } }, id: 1, name: Tracheobionta, slug: tracheobionta, links: { self: /api/v1/subkingdoms/tracheobionta, parent: /api/v1/kingdoms/1, childs: null, grandChilds: null } }
    id: 1
    name: Magnoliophyta
    slug: magnoliophyta
    links: { self: /api/v1/divisions/magnoliophyta, parent: /api/v1/subkingdoms/tracheobionta, childs: null, grandChilds: null }
id: 1
name: Magnoliopsida
slug: magnoliopsida
links:
    self: /api/v1/division_classes/magnoliopsida
    parent: /api/v1/divisions/magnoliophyta
    childs: null
    grandChilds: null
