id: 134934
commonName: Rocketsalad
slug: eruca-vesicaria
scientificName: 'Eruca vesicaria'
year: 1802
bibliography: 'G. Hegi, Ill. Fl. Mitt._Eur. 4(1):201.  1918'
author: 'Thell. (Mill.)'
status:
    value: accepted
    key: ACCEPTED
rank:
    value: species
    key: SPECIES
familyCommonName: 'Mustard family'
family: Brassicaceae
genusId: 2862
genus: Eruca
imageUrl: 'https://bs.plantnet.org/image/o/f04b841babe6eea64cce60d777296f03298240fb'
duration:
    - { value: annual, key: ANNUAL }
ediblePart:
    - { value: leaves, key: LEAVES }
edible: true
vegetable: true
observations: 'Medit. to China and Arabian Pen.'
images:
    flower: [{ id: 3296425, url: 'https://bs.plantnet.org/image/o/2b7a6267d07e0d4cf574305dc3134cf5974ee18c', copyright: 'Taken Feb 28, 2017 by Matesanz Ángel (cc-by-sa)' }, { id: 3296427, url: 'https://bs.plantnet.org/image/o/f04b841babe6eea64cce60d777296f03298240fb', copyright: 'Taken Jan 8, 2019 by Luc Tramcourt (cc-by-sa)' }]
    leaf: {  }
    habit: {  }
    fruit: [{ id: 3296441, url: 'https://bs.plantnet.org/image/o/243de2e2c773d4d44f40102384a58ce162f9b7c8', copyright: 'Taken Feb 5, 2016 by Tela Botanica − Ans GORTER (cc-by-sa)' }, { id: 3296442, url: 'https://bs.plantnet.org/image/o/04f70d96a4e9a02fe3595dedf6949617b678d66b', copyright: 'Taken Jun 4, 2019 by Marco Scalisi (cc-by-sa)' }]
    bark: [{ id: 3296447, url: 'https://bs.plantnet.org/image/o/17521033bf0b77ffcf670b8a4cf07152ae494054', copyright: 'Taken May 5, 2019 by Tarmorin (cc-by-sa)' }]
    other: {  }
commonNames:
    en: [Rocketsalad, Arugula, 'Edible Rocket', 'Garden rocket', 'Italian Cress', 'Roman Rocket', 'Salad Rocket', Rocket-salad, Rocket, 'Rocket Sallad', Roquette, Rugula]
    af: ['Slaai eruca']
    ar: [جرجير, Jarjeer, Jarjir, Gargir, 'جرجير(جَرجير)، روق (رَوْق)', جرجِير, 'جرى (جِرى)', 'شلطام (شِلطام)، شرطام (شِرطام)']
    ca: [Ruca]
    hr: ['Povrtna riga']
    cs: ['Eruka siata']
    da: ['Almindelig boghvede', Slangeurt, Syren-pileurt, 'Tatarisk boghvede']
    nl: [Zwaardherik]
    et: [Põld-võõrkopsas]
    fi: [Sinappikaali]
    fr: [Roquette, 'Roquette cultivée', 'Fausse Giroflée']
    de: [Senfrauke, Ölrauke, Doppelrauke, Garten-Senfrauke, Rauke, Raukenkohl, Rucula, Ruke, Rukula, Salat-Rauke, 'Schmalblättriger Doppelsame', 'Wilde Rauke', 'Wilde Senfrauke', Rucola, Salatrauke]
    it: [Rucola, Ruchetta, Ruca]
    lt: ['Pūslėtoji gražgarstė']
    mk: [Рукола]
    pt: [Eruca, Rúcula]
    es: [Oruga, 'Oruga común', Rúcula, Arrúgula, Jaramago, Roqueta]
    sv: ['Senapskål (växt)', Bovete, 'Sibirisk bovete', 'Stor ormrot', Syrenslide, Senapskål]
    cy: ['Roced yr ardd']
    dan: ['almindelig boghvede', slangeurt, syren-pileurt, 'tatarisk boghvede']
    swe: [bovete, 'sibirisk bovete', 'stor ormrot', syrenslide, senapskål]
    eng: ['garden rocket', rocketsalad, 'edible rocket', rocket-salad, 'salad rocket']
    lit: ['pūslėtoji gražgarstė']
    ces: ['eruka siata']
    est: [põld-võõrkopsas]
    nld: [zwaardherik]
    fra: [roquette]
distributions:
    native: [{ id: 151, name: Afghanistan, slug: afg, tdwgCode: AFG, tdwgLevel: 3, speciesCount: 4544, links: { self: /api/v1/distributions/afg, plants: /api/v1/distributions/afg/plants, species: /api/v1/distributions/afg/species } }, { id: 137, name: Algeria, slug: alg, tdwgCode: ALG, tdwgLevel: 3, speciesCount: 3880, links: { self: /api/v1/distributions/alg, plants: /api/v1/distributions/alg/plants, species: /api/v1/distributions/alg/species } }, { id: 123, name: Baleares, slug: bal, tdwgCode: BAL, tdwgLevel: 3, speciesCount: 1583, links: { self: /api/v1/distributions/bal, plants: /api/v1/distributions/bal/plants, species: /api/v1/distributions/bal/species } }, { id: 94, name: Bulgaria, slug: bul, tdwgCode: BUL, tdwgLevel: 3, speciesCount: 3803, links: { self: /api/v1/distributions/bul, plants: /api/v1/distributions/bul/plants, species: /api/v1/distributions/bul/species } }, { id: 249, name: 'China North-Central', slug: chn, tdwgCode: CHN, tdwgLevel: 3, speciesCount: 5646, links: { self: /api/v1/distributions/chn, plants: /api/v1/distributions/chn/plants, species: /api/v1/distributions/chn/species } }, { id: 45, name: 'China South-Central', slug: chc, tdwgCode: CHC, tdwgLevel: 3, speciesCount: 19960, links: { self: /api/v1/distributions/chc, plants: /api/v1/distributions/chc/plants, species: /api/v1/distributions/chc/species } }, { id: 46, name: 'China Southeast', slug: chs, tdwgCode: CHS, tdwgLevel: 3, speciesCount: 11551, links: { self: /api/v1/distributions/chs, plants: /api/v1/distributions/chs/plants, species: /api/v1/distributions/chs/species } }, { id: 125, name: Corse, slug: cor, tdwgCode: COR, tdwgLevel: 3, speciesCount: 2266, links: { self: /api/v1/distributions/cor, plants: /api/v1/distributions/cor/plants, species: /api/v1/distributions/cor/species } }, { id: 266, name: Cyprus, slug: cyp, tdwgCode: CYP, tdwgLevel: 3, speciesCount: 1755, links: { self: /api/v1/distributions/cyp, plants: /api/v1/distributions/cyp/plants, species: /api/v1/distributions/cyp/species } }, { id: 118, name: 'East Aegean Is.', slug: eai, tdwgCode: EAI, tdwgLevel: 3, speciesCount: 2259, links: { self: /api/v1/distributions/eai, plants: /api/v1/distributions/eai/plants, species: /api/v1/distributions/eai/species } }, { id: 7, name: Egypt, slug: egy, tdwgCode: EGY, tdwgLevel: 3, speciesCount: 1806, links: { self: /api/v1/distributions/egy, plants: /api/v1/distributions/egy/plants, species: /api/v1/distributions/egy/species } }, { id: 95, name: Greece, slug: grc, tdwgCode: GRC, tdwgLevel: 3, speciesCount: 5483, links: { self: /api/v1/distributions/grc, plants: /api/v1/distributions/grc/plants, species: /api/v1/distributions/grc/species } }, { id: 10, name: 'Gulf States', slug: gst, tdwgCode: GST, tdwgLevel: 3, speciesCount: 744, links: { self: /api/v1/distributions/gst, plants: /api/v1/distributions/gst/plants, species: /api/v1/distributions/gst/species } }, { id: 317, name: 'Inner Mongolia', slug: chi, tdwgCode: CHI, tdwgLevel: 3, speciesCount: 2242, links: { self: /api/v1/distributions/chi, plants: /api/v1/distributions/chi/plants, species: /api/v1/distributions/chi/species } }, { id: 11, name: Iran, slug: irn, tdwgCode: IRN, tdwgLevel: 3, speciesCount: 8134, links: { self: /api/v1/distributions/irn, plants: /api/v1/distributions/irn/plants, species: /api/v1/distributions/irn/species } }, { id: 108, name: Iraq, slug: irq, tdwgCode: IRQ, tdwgLevel: 3, speciesCount: 3219, links: { self: /api/v1/distributions/irq, plants: /api/v1/distributions/irq/plants, species: /api/v1/distributions/irq/species } }, { id: 119, name: Italy, slug: ita, tdwgCode: ITA, tdwgLevel: 3, speciesCount: 6567, links: { self: /api/v1/distributions/ita, plants: /api/v1/distributions/ita/plants, species: /api/v1/distributions/ita/species } }, { id: 267, name: Kazakhstan, slug: kaz, tdwgCode: KAZ, tdwgLevel: 3, speciesCount: 5233, links: { self: /api/v1/distributions/kaz, plants: /api/v1/distributions/kaz/plants, species: /api/v1/distributions/kaz/species } }, { id: 308, name: Kirgizstan, slug: kgz, tdwgCode: KGZ, tdwgLevel: 3, speciesCount: 3892, links: { self: /api/v1/distributions/kgz, plants: /api/v1/distributions/kgz/plants, species: /api/v1/distributions/kgz/species } }, { id: 128, name: Kriti, slug: kri, tdwgCode: KRI, tdwgLevel: 3, speciesCount: 2089, links: { self: /api/v1/distributions/kri, plants: /api/v1/distributions/kri/plants, species: /api/v1/distributions/kri/species } }, { id: 268, name: Krym, slug: kry, tdwgCode: KRY, tdwgLevel: 3, speciesCount: 2434, links: { self: /api/v1/distributions/kry, plants: /api/v1/distributions/kry/plants, species: /api/v1/distributions/kry/species } }, { id: 336, name: Kuwait, slug: kuw, tdwgCode: KUW, tdwgLevel: 3, speciesCount: 329, links: { self: /api/v1/distributions/kuw, plants: /api/v1/distributions/kuw/plants, species: /api/v1/distributions/kuw/species } }, { id: 109, name: Lebanon-Syria, slug: lbs, tdwgCode: LBS, tdwgLevel: 3, speciesCount: 3992, links: { self: /api/v1/distributions/lbs, plants: /api/v1/distributions/lbs/plants, species: /api/v1/distributions/lbs/species } }, { id: 269, name: Libya, slug: lby, tdwgCode: LBY, tdwgLevel: 3, speciesCount: 1943, links: { self: /api/v1/distributions/lby, plants: /api/v1/distributions/lby/plants, species: /api/v1/distributions/lby/species } }, { id: 310, name: Manchuria, slug: chm, tdwgCode: CHM, tdwgLevel: 3, speciesCount: 2523, links: { self: /api/v1/distributions/chm, plants: /api/v1/distributions/chm/plants, species: /api/v1/distributions/chm/species } }, { id: 321, name: Mongolia, slug: mon, tdwgCode: MON, tdwgLevel: 3, speciesCount: 2761, links: { self: /api/v1/distributions/mon, plants: /api/v1/distributions/mon/plants, species: /api/v1/distributions/mon/species } }, { id: 131, name: Morocco, slug: mor, tdwgCode: MOR, tdwgLevel: 3, speciesCount: 4585, links: { self: /api/v1/distributions/mor, plants: /api/v1/distributions/mor/plants, species: /api/v1/distributions/mor/species } }, { id: 17, name: Pakistan, slug: pak, tdwgCode: PAK, tdwgLevel: 3, speciesCount: 4456, links: { self: /api/v1/distributions/pak, plants: /api/v1/distributions/pak/plants, species: /api/v1/distributions/pak/species } }, { id: 117, name: Palestine, slug: pal, tdwgCode: PAL, tdwgLevel: 3, speciesCount: 2962, links: { self: /api/v1/distributions/pal, plants: /api/v1/distributions/pal/plants, species: /api/v1/distributions/pal/species } }, { id: 134, name: Portugal, slug: por, tdwgCode: POR, tdwgLevel: 3, speciesCount: 3038, links: { self: /api/v1/distributions/por, plants: /api/v1/distributions/por/plants, species: /api/v1/distributions/por/species } }, { id: 322, name: Qinghai, slug: chq, tdwgCode: CHQ, tdwgLevel: 3, speciesCount: 2226, links: { self: /api/v1/distributions/chq, plants: /api/v1/distributions/chq/plants, species: /api/v1/distributions/chq/species } }, { id: 120, name: Sardegna, slug: sar, tdwgCode: SAR, tdwgLevel: 3, speciesCount: 2157, links: { self: /api/v1/distributions/sar, plants: /api/v1/distributions/sar/plants, species: /api/v1/distributions/sar/species } }, { id: 18, name: 'Saudi Arabia', slug: sau, tdwgCode: SAU, tdwgLevel: 3, speciesCount: 2151, links: { self: /api/v1/distributions/sau, plants: /api/v1/distributions/sau/plants, species: /api/v1/distributions/sau/species } }, { id: 121, name: Sicilia, slug: sic, tdwgCode: SIC, tdwgLevel: 3, speciesCount: 2714, links: { self: /api/v1/distributions/sic, plants: /api/v1/distributions/sic/plants, species: /api/v1/distributions/sic/species } }, { id: 19, name: Sinai, slug: sin, tdwgCode: SIN, tdwgLevel: 3, speciesCount: 1287, links: { self: /api/v1/distributions/sin, plants: /api/v1/distributions/sin/plants, species: /api/v1/distributions/sin/species } }, { id: 135, name: Spain, slug: spa, tdwgCode: SPA, tdwgLevel: 3, speciesCount: 7017, links: { self: /api/v1/distributions/spa, plants: /api/v1/distributions/spa/plants, species: /api/v1/distributions/spa/species } }, { id: 271, name: Tadzhikistan, slug: tzk, tdwgCode: TZK, tdwgLevel: 3, speciesCount: 4295, links: { self: /api/v1/distributions/tzk, plants: /api/v1/distributions/tzk/plants, species: /api/v1/distributions/tzk/species } }, { id: 295, name: Tunisia, slug: tun, tdwgCode: TUN, tdwgLevel: 3, speciesCount: 2561, links: { self: /api/v1/distributions/tun, plants: /api/v1/distributions/tun/plants, species: /api/v1/distributions/tun/species } }, { id: 107, name: Turkey, slug: tur, tdwgCode: TUR, tdwgLevel: 3, speciesCount: 10277, links: { self: /api/v1/distributions/tur, plants: /api/v1/distributions/tur/plants, species: /api/v1/distributions/tur/species } }, { id: 97, name: Turkey-in-Europe, slug: tue, tdwgCode: TUE, tdwgLevel: 3, speciesCount: 2283, links: { self: /api/v1/distributions/tue, plants: /api/v1/distributions/tue/plants, species: /api/v1/distributions/tue/species } }, { id: 337, name: Turkmenistan, slug: tkm, tdwgCode: TKM, tdwgLevel: 3, speciesCount: 2736, links: { self: /api/v1/distributions/tkm, plants: /api/v1/distributions/tkm/plants, species: /api/v1/distributions/tkm/species } }, { id: 274, name: Uzbekistan, slug: uzb, tdwgCode: UZB, tdwgLevel: 3, speciesCount: 3831, links: { self: /api/v1/distributions/uzb, plants: /api/v1/distributions/uzb/plants, species: /api/v1/distributions/uzb/species } }, { id: 38, name: 'Western Sahara', slug: wsa, tdwgCode: WSA, tdwgLevel: 3, speciesCount: 392, links: { self: /api/v1/distributions/wsa, plants: /api/v1/distributions/wsa/plants, species: /api/v1/distributions/wsa/species } }, { id: 324, name: Xinjiang, slug: chx, tdwgCode: CHX, tdwgLevel: 3, speciesCount: 3446, links: { self: /api/v1/distributions/chx, plants: /api/v1/distributions/chx/plants, species: /api/v1/distributions/chx/species } }, { id: 24, name: Yemen, slug: yem, tdwgCode: YEM, tdwgLevel: 3, speciesCount: 2088, links: { self: /api/v1/distributions/yem, plants: /api/v1/distributions/yem/plants, species: /api/v1/distributions/yem/species } }]
    introduced: [{ id: 93, name: Albania, slug: alb, tdwgCode: ALB, tdwgLevel: 3, speciesCount: 3429, links: { self: /api/v1/distributions/alb, plants: /api/v1/distributions/alb/plants, species: /api/v1/distributions/alb/species } }, { id: 326, name: Alberta, slug: abt, tdwgCode: ABT, tdwgLevel: 3, speciesCount: 1776, links: { self: /api/v1/distributions/abt, plants: /api/v1/distributions/abt/plants, species: /api/v1/distributions/abt/species } }, { id: 169, name: 'Argentina Northeast', slug: age, tdwgCode: AGE, tdwgLevel: 3, speciesCount: 6048, links: { self: /api/v1/distributions/age, plants: /api/v1/distributions/age/plants, species: /api/v1/distributions/age/species } }, { id: 171, name: 'Argentina Northwest', slug: agw, tdwgCode: AGW, tdwgLevel: 3, speciesCount: 5760, links: { self: /api/v1/distributions/agw, plants: /api/v1/distributions/agw/plants, species: /api/v1/distributions/agw/species } }, { id: 264, name: 'Argentina South', slug: ags, tdwgCode: AGS, tdwgLevel: 3, speciesCount: 2507, links: { self: /api/v1/distributions/ags, plants: /api/v1/distributions/ags/plants, species: /api/v1/distributions/ags/species } }, { id: 275, name: Austria, slug: aut, tdwgCode: AUT, tdwgLevel: 3, speciesCount: 4208, links: { self: /api/v1/distributions/aut, plants: /api/v1/distributions/aut/plants, species: /api/v1/distributions/aut/species } }, { id: 276, name: 'Baltic States', slug: blt, tdwgCode: BLT, tdwgLevel: 3, speciesCount: 2058, links: { self: /api/v1/distributions/blt, plants: /api/v1/distributions/blt/plants, species: /api/v1/distributions/blt/species } }, { id: 41, name: Bangladesh, slug: ban, tdwgCode: BAN, tdwgLevel: 3, speciesCount: 4664, links: { self: /api/v1/distributions/ban, plants: /api/v1/distributions/ban/plants, species: /api/v1/distributions/ban/species } }, { id: 277, name: Belarus, slug: blr, tdwgCode: BLR, tdwgLevel: 3, speciesCount: 1660, links: { self: /api/v1/distributions/blr, plants: /api/v1/distributions/blr/plants, species: /api/v1/distributions/blr/species } }, { id: 278, name: Belgium, slug: bgm, tdwgCode: BGM, tdwgLevel: 3, speciesCount: 2552, links: { self: /api/v1/distributions/bgm, plants: /api/v1/distributions/bgm/plants, species: /api/v1/distributions/bgm/species } }, { id: 77, name: Bolivia, slug: bol, tdwgCode: BOL, tdwgLevel: 3, speciesCount: 14675, links: { self: /api/v1/distributions/bol, plants: /api/v1/distributions/bol/plants, species: /api/v1/distributions/bol/species } }, { id: 297, name: 'British Columbia', slug: brc, tdwgCode: BRC, tdwgLevel: 3, speciesCount: 2886, links: { self: /api/v1/distributions/brc, plants: /api/v1/distributions/brc/plants, species: /api/v1/distributions/brc/species } }, { id: 305, name: Buryatiya, slug: bry, tdwgCode: BRY, tdwgLevel: 3, speciesCount: 1804, links: { self: /api/v1/distributions/bry, plants: /api/v1/distributions/bry/plants, species: /api/v1/distributions/bry/species } }, { id: 211, name: California, slug: cal, tdwgCode: CAL, tdwgLevel: 3, speciesCount: 7423, links: { self: /api/v1/distributions/cal, plants: /api/v1/distributions/cal/plants, species: /api/v1/distributions/cal/species } }, { id: 124, name: 'Canary Is.', slug: cny, tdwgCode: CNY, tdwgLevel: 3, speciesCount: 2360, links: { self: /api/v1/distributions/cny, plants: /api/v1/distributions/cny/plants, species: /api/v1/distributions/cny/species } }, { id: 279, name: 'Central European Rus', slug: ruc, tdwgCode: RUC, tdwgLevel: 3, speciesCount: 2297, links: { self: /api/v1/distributions/ruc, plants: /api/v1/distributions/ruc/plants, species: /api/v1/distributions/ruc/species } }, { id: 5, name: Chad, slug: cha, tdwgCode: CHA, tdwgLevel: 3, speciesCount: 2288, links: { self: /api/v1/distributions/cha, plants: /api/v1/distributions/cha/plants, species: /api/v1/distributions/cha/species } }, { id: 223, name: 'Chile Central', slug: clc, tdwgCode: CLC, tdwgLevel: 3, speciesCount: 3394, links: { self: /api/v1/distributions/clc, plants: /api/v1/distributions/clc/plants, species: /api/v1/distributions/clc/species } }, { id: 82, name: Colombia, slug: clm, tdwgCode: CLM, tdwgLevel: 3, speciesCount: 23796, links: { self: /api/v1/distributions/clm, plants: /api/v1/distributions/clm/plants, species: /api/v1/distributions/clm/species } }, { id: 298, name: Colorado, slug: col, tdwgCode: COL, tdwgLevel: 3, speciesCount: 3384, links: { self: /api/v1/distributions/col, plants: /api/v1/distributions/col/plants, species: /api/v1/distributions/col/species } }, { id: 252, name: Connecticut, slug: cnt, tdwgCode: CNT, tdwgLevel: 3, speciesCount: 2163, links: { self: /api/v1/distributions/cnt, plants: /api/v1/distributions/cnt/plants, species: /api/v1/distributions/cnt/species } }, { id: 99, name: Czechoslovakia, slug: cze, tdwgCode: CZE, tdwgLevel: 3, speciesCount: 4351, links: { self: /api/v1/distributions/cze, plants: /api/v1/distributions/cze/plants, species: /api/v1/distributions/cze/species } }, { id: 281, name: 'East European Russia', slug: rue, tdwgCode: RUE, tdwgLevel: 3, speciesCount: 2202, links: { self: /api/v1/distributions/rue, plants: /api/v1/distributions/rue/plants, species: /api/v1/distributions/rue/species } }, { id: 83, name: Ecuador, slug: ecu, tdwgCode: ECU, tdwgLevel: 3, speciesCount: 17365, links: { self: /api/v1/distributions/ecu, plants: /api/v1/distributions/ecu/plants, species: /api/v1/distributions/ecu/species } }, { id: 84, name: 'El Salvador', slug: els, tdwgCode: ELS, tdwgLevel: 3, speciesCount: 3638, links: { self: /api/v1/distributions/els, plants: /api/v1/distributions/els/plants, species: /api/v1/distributions/els/species } }, { id: 8, name: Eritrea, slug: eri, tdwgCode: ERI, tdwgLevel: 3, speciesCount: 1982, links: { self: /api/v1/distributions/eri, plants: /api/v1/distributions/eri/plants, species: /api/v1/distributions/eri/species } }, { id: 9, name: Ethiopia, slug: eth, tdwgCode: ETH, tdwgLevel: 3, speciesCount: 5496, links: { self: /api/v1/distributions/eth, plants: /api/v1/distributions/eth/plants, species: /api/v1/distributions/eth/species } }, { id: 126, name: France, slug: fra, tdwgCode: FRA, tdwgLevel: 3, speciesCount: 6806, links: { self: /api/v1/distributions/fra, plants: /api/v1/distributions/fra/plants, species: /api/v1/distributions/fra/species } }, { id: 90, name: 'Free State', slug: ofs, tdwgCode: OFS, tdwgLevel: 3, speciesCount: 2994, links: { self: /api/v1/distributions/ofs, plants: /api/v1/distributions/ofs/plants, species: /api/v1/distributions/ofs/species } }, { id: 284, name: Germany, slug: ger, tdwgCode: GER, tdwgLevel: 3, speciesCount: 4652, links: { self: /api/v1/distributions/ger, plants: /api/v1/distributions/ger/plants, species: /api/v1/distributions/ger/species } }, { id: 285, name: Hungary, slug: hun, tdwgCode: HUN, tdwgLevel: 3, speciesCount: 2672, links: { self: /api/v1/distributions/hun, plants: /api/v1/distributions/hun/plants, species: /api/v1/distributions/hun/species } }, { id: 145, name: Illinois, slug: ill, tdwgCode: ILL, tdwgLevel: 3, speciesCount: 3289, links: { self: /api/v1/distributions/ill, plants: /api/v1/distributions/ill/plants, species: /api/v1/distributions/ill/species } }, { id: 28, name: India, slug: ind, tdwgCode: IND, tdwgLevel: 3, speciesCount: 7999, links: { self: /api/v1/distributions/ind, plants: /api/v1/distributions/ind/plants, species: /api/v1/distributions/ind/species } }, { id: 231, name: Iowa, slug: iow, tdwgCode: IOW, tdwgLevel: 3, speciesCount: 1785, links: { self: /api/v1/distributions/iow, plants: /api/v1/distributions/iow/plants, species: /api/v1/distributions/iow/species } }, { id: 202, name: Japan, slug: jap, tdwgCode: JAP, tdwgLevel: 3, speciesCount: 5739, links: { self: /api/v1/distributions/jap, plants: /api/v1/distributions/jap/plants, species: /api/v1/distributions/jap/species } }, { id: 232, name: Kansas, slug: kan, tdwgCode: KAN, tdwgLevel: 3, speciesCount: 1956, links: { self: /api/v1/distributions/kan, plants: /api/v1/distributions/kan/plants, species: /api/v1/distributions/kan/species } }, { id: 129, name: Madeira, slug: mdr, tdwgCode: MDR, tdwgLevel: 3, speciesCount: 1300, links: { self: /api/v1/distributions/mdr, plants: /api/v1/distributions/mdr/plants, species: /api/v1/distributions/mdr/species } }, { id: 259, name: Manitoba, slug: man, tdwgCode: MAN, tdwgLevel: 3, speciesCount: 1474, links: { self: /api/v1/distributions/man, plants: /api/v1/distributions/man/plants, species: /api/v1/distributions/man/species } }, { id: 233, name: Maryland, slug: mry, tdwgCode: MRY, tdwgLevel: 3, speciesCount: 2378, links: { self: /api/v1/distributions/mry, plants: /api/v1/distributions/mry/plants, species: /api/v1/distributions/mry/species } }, { id: 14, name: Mauritania, slug: mtn, tdwgCode: MTN, tdwgLevel: 3, speciesCount: 1081, links: { self: /api/v1/distributions/mtn, plants: /api/v1/distributions/mtn/plants, species: /api/v1/distributions/mtn/species } }, { id: 130, name: 'Mexico Central', slug: mxc, tdwgCode: MXC, tdwgLevel: 3, speciesCount: 7332, links: { self: /api/v1/distributions/mxc, plants: /api/v1/distributions/mxc/plants, species: /api/v1/distributions/mxc/species } }, { id: 148, name: 'Mexico Northeast', slug: mxe, tdwgCode: MXE, tdwgLevel: 3, speciesCount: 11419, links: { self: /api/v1/distributions/mxe, plants: /api/v1/distributions/mxe/plants, species: /api/v1/distributions/mxe/species } }, { id: 165, name: 'Mexico Northwest', slug: mxn, tdwgCode: MXN, tdwgLevel: 3, speciesCount: 7215, links: { self: /api/v1/distributions/mxn, plants: /api/v1/distributions/mxn/plants, species: /api/v1/distributions/mxn/species } }, { id: 88, name: 'Mexico Southwest', slug: mxs, tdwgCode: MXS, tdwgLevel: 3, speciesCount: 14008, links: { self: /api/v1/distributions/mxs, plants: /api/v1/distributions/mxs/plants, species: /api/v1/distributions/mxs/species } }, { id: 234, name: Michigan, slug: mic, tdwgCode: MIC, tdwgLevel: 3, speciesCount: 2388, links: { self: /api/v1/distributions/mic, plants: /api/v1/distributions/mic/plants, species: /api/v1/distributions/mic/species } }, { id: 235, name: Missouri, slug: mso, tdwgCode: MSO, tdwgLevel: 3, speciesCount: 2448, links: { self: /api/v1/distributions/mso, plants: /api/v1/distributions/mso/plants, species: /api/v1/distributions/mso/species } }, { id: 328, name: Montana, slug: mnt, tdwgCode: MNT, tdwgLevel: 3, speciesCount: 2484, links: { self: /api/v1/distributions/mnt, plants: /api/v1/distributions/mnt/plants, species: /api/v1/distributions/mnt/species } }, { id: 262, name: Nebraska, slug: neb, tdwgCode: NEB, tdwgLevel: 3, speciesCount: 1651, links: { self: /api/v1/distributions/neb, plants: /api/v1/distributions/neb/plants, species: /api/v1/distributions/neb/species } }, { id: 188, name: Nevada, slug: nev, tdwgCode: NEV, tdwgLevel: 3, speciesCount: 3046, links: { self: /api/v1/distributions/nev, plants: /api/v1/distributions/nev/plants, species: /api/v1/distributions/nev/species } }, { id: 236, name: 'New Jersey', slug: nwj, tdwgCode: NWJ, tdwgLevel: 3, speciesCount: 2377, links: { self: /api/v1/distributions/nwj, plants: /api/v1/distributions/nwj/plants, species: /api/v1/distributions/nwj/species } }, { id: 167, name: 'New Mexico', slug: nwm, tdwgCode: NWM, tdwgLevel: 3, speciesCount: 4103, links: { self: /api/v1/distributions/nwm, plants: /api/v1/distributions/nwm/plants, species: /api/v1/distributions/nwm/species } }, { id: 237, name: 'New York', slug: nwy, tdwgCode: NWY, tdwgLevel: 3, speciesCount: 3752, links: { self: /api/v1/distributions/nwy, plants: /api/v1/distributions/nwy/plants, species: /api/v1/distributions/nwy/species } }, { id: 288, name: 'North Caucasus', slug: ncs, tdwgCode: NCS, tdwgLevel: 3, speciesCount: 2822, links: { self: /api/v1/distributions/ncs, plants: /api/v1/distributions/ncs/plants, species: /api/v1/distributions/ncs/species } }, { id: 332, name: 'North Dakota', slug: nda, tdwgCode: NDA, tdwgLevel: 3, speciesCount: 1281, links: { self: /api/v1/distributions/nda, plants: /api/v1/distributions/nda/plants, species: /api/v1/distributions/nda/species } }, { id: 1, name: 'Northern Provinces', slug: tvl, tdwgCode: TVL, tdwgLevel: 3, speciesCount: 5913, links: { self: /api/v1/distributions/tvl, plants: /api/v1/distributions/tvl/plants, species: /api/v1/distributions/tvl/species } }, { id: 290, name: 'Northwest European R', slug: ruw, tdwgCode: RUW, tdwgLevel: 3, speciesCount: 1690, links: { self: /api/v1/distributions/ruw, plants: /api/v1/distributions/ruw/plants, species: /api/v1/distributions/ruw/species } }, { id: 291, name: Norway, slug: nor, tdwgCode: NOR, tdwgLevel: 3, speciesCount: 2302, links: { self: /api/v1/distributions/nor, plants: /api/v1/distributions/nor/plants, species: /api/v1/distributions/nor/species } }, { id: 240, name: Ontario, slug: ont, tdwgCode: ONT, tdwgLevel: 3, speciesCount: 2661, links: { self: /api/v1/distributions/ont, plants: /api/v1/distributions/ont/plants, species: /api/v1/distributions/ont/species } }, { id: 315, name: Oregon, slug: ore, tdwgCode: ORE, tdwgLevel: 3, speciesCount: 3837, links: { self: /api/v1/distributions/ore, plants: /api/v1/distributions/ore/plants, species: /api/v1/distributions/ore/species } }, { id: 160, name: Paraguay, slug: par, tdwgCode: PAR, tdwgLevel: 3, speciesCount: 5419, links: { self: /api/v1/distributions/par, plants: /api/v1/distributions/par/plants, species: /api/v1/distributions/par/species } }, { id: 241, name: Pennsylvania, slug: pen, tdwgCode: PEN, tdwgLevel: 3, speciesCount: 2729, links: { self: /api/v1/distributions/pen, plants: /api/v1/distributions/pen/plants, species: /api/v1/distributions/pen/species } }, { id: 292, name: Poland, slug: pol, tdwgCode: POL, tdwgLevel: 3, speciesCount: 3028, links: { self: /api/v1/distributions/pol, plants: /api/v1/distributions/pol/plants, species: /api/v1/distributions/pol/species } }, { id: 311, name: Primorye, slug: prm, tdwgCode: PRM, tdwgLevel: 3, speciesCount: 2310, links: { self: /api/v1/distributions/prm, plants: /api/v1/distributions/prm/plants, species: /api/v1/distributions/prm/species } }, { id: 242, name: Québec, slug: que, tdwgCode: QUE, tdwgLevel: 3, speciesCount: 2300, links: { self: /api/v1/distributions/que, plants: /api/v1/distributions/que/plants, species: /api/v1/distributions/que/species } }, { id: 96, name: Romania, slug: rom, tdwgCode: ROM, tdwgLevel: 3, speciesCount: 3637, links: { self: /api/v1/distributions/rom, plants: /api/v1/distributions/rom/plants, species: /api/v1/distributions/rom/species } }, { id: 330, name: Saskatchewan, slug: sas, tdwgCode: SAS, tdwgLevel: 3, speciesCount: 1409, links: { self: /api/v1/distributions/sas, plants: /api/v1/distributions/sas/plants, species: /api/v1/distributions/sas/species } }, { id: 20, name: Somalia, slug: som, tdwgCode: SOM, tdwgLevel: 3, speciesCount: 3224, links: { self: /api/v1/distributions/som, plants: /api/v1/distributions/som/plants, species: /api/v1/distributions/som/species } }, { id: 331, name: 'South Dakota', slug: sda, tdwgCode: SDA, tdwgLevel: 3, speciesCount: 1557, links: { self: /api/v1/distributions/sda, plants: /api/v1/distributions/sda/plants, species: /api/v1/distributions/sda/species } }, { id: 21, name: Sudan, slug: sud, tdwgCode: SUD, tdwgLevel: 3, speciesCount: 4190, links: { self: /api/v1/distributions/sud, plants: /api/v1/distributions/sud/plants, species: /api/v1/distributions/sud/species } }, { id: 294, name: Switzerland, slug: swi, tdwgCode: SWI, tdwgLevel: 3, speciesCount: 3641, links: { self: /api/v1/distributions/swi, plants: /api/v1/distributions/swi/plants, species: /api/v1/distributions/swi/species } }, { id: 168, name: Texas, slug: tex, tdwgCode: TEX, tdwgLevel: 3, speciesCount: 5236, links: { self: /api/v1/distributions/tex, plants: /api/v1/distributions/tex/plants, species: /api/v1/distributions/tex/species } }, { id: 273, name: Ukraine, slug: ukr, tdwgCode: UKR, tdwgLevel: 3, speciesCount: 3491, links: { self: /api/v1/distributions/ukr, plants: /api/v1/distributions/ukr/plants, species: /api/v1/distributions/ukr/species } }, { id: 341, name: Utah, slug: uta, tdwgCode: UTA, tdwgLevel: 3, speciesCount: 3332, links: { self: /api/v1/distributions/uta, plants: /api/v1/distributions/uta/plants, species: /api/v1/distributions/uta/species } }, { id: 243, name: Vermont, slug: ver, tdwgCode: VER, tdwgLevel: 3, speciesCount: 2294, links: { self: /api/v1/distributions/ver, plants: /api/v1/distributions/ver/plants, species: /api/v1/distributions/ver/species } }, { id: 302, name: Washington, slug: was, tdwgCode: WAS, tdwgLevel: 3, speciesCount: 3016, links: { self: /api/v1/distributions/was, plants: /api/v1/distributions/was/plants, species: /api/v1/distributions/was/species } }, { id: 73, name: 'West Himalaya', slug: whm, tdwgCode: WHM, tdwgLevel: 3, speciesCount: 5000, links: { self: /api/v1/distributions/whm, plants: /api/v1/distributions/whm/plants, species: /api/v1/distributions/whm/species } }, { id: 296, name: 'West Siberia', slug: wsb, tdwgCode: WSB, tdwgLevel: 3, speciesCount: 2291, links: { self: /api/v1/distributions/wsb, plants: /api/v1/distributions/wsb/plants, species: /api/v1/distributions/wsb/species } }, { id: 244, name: 'West Virginia', slug: wva, tdwgCode: WVA, tdwgLevel: 3, speciesCount: 2041, links: { self: /api/v1/distributions/wva, plants: /api/v1/distributions/wva/plants, species: /api/v1/distributions/wva/species } }, { id: 98, name: Yugoslavia, slug: yug, tdwgCode: YUG, tdwgLevel: 3, speciesCount: 5450, links: { self: /api/v1/distributions/yug, plants: /api/v1/distributions/yug/plants, species: /api/v1/distributions/yug/species } }, { id: 27, name: Zimbabwe, slug: zim, tdwgCode: ZIM, tdwgLevel: 3, speciesCount: 5583, links: { self: /api/v1/distributions/zim, plants: /api/v1/distributions/zim/plants, species: /api/v1/distributions/zim/species } }]
    doubtful: {  }
    absent: {  }
    extinct: {  }
flower:
    color: [{ value: white, key: WHITE }, { value: yellow, key: YELLOW }]
    conspicuous: true
foliage:
    texture: { value: medium, key: MEDIUM }
    color: [{ value: green, key: GREEN }]
    leafRetention: false
fruitOrSeed:
    conspicuous: true
    color: [{ value: green, key: GREEN }]
    shape: null
    seedPersistence: false
specifications:
    ligneousType: null
    growthForm: Erect
    growthHabit: Forb/herb
    growthRate: Rapid
    averageHeight: !!float 40
    maximumHeight: !!float 100
    nitrogenFixation: null
    shapeAndOrientation: null
    toxicity: { value: none, key: NONE }
growth:
    daysToHarvest: !!float 40
    description: 'Grow in any soil in part shade, from seed. cropping can be within 40 days. Tolerates sun, but likes some shade from summer sun. Fairly drought resistant'
    sowing: ''
    phMaximum: 7.5
    phMinimum: !!float 7
    light: 9
    atmosphericHumidity: 4
    growthMonths: null
    bloomMonths: [{ value: feb, key: FEB }, { value: mar, key: MAR }, { value: apr, key: APR }, { value: may, key: MAY }, { value: jun, key: JUN }]
    fruitMonths: null
    rowSpacing: !!float 10
    spread: !!float 10
    minimumPrecipitation: null
    maximumPrecipitation: null
    minimumRootDepth: null
    minimumTemperature: !!float -12
    maximumTemperature: !!float 30
    soilNutriments: 6
    soilSalinity: 1
    soilTexture: 3
    soilHumidity: 2
synonyms:
    - { id: 11863, name: 'Raphanus eruca', author: '(L.) Crantz' }
    - { id: 11861, name: 'Brassica eruca', author: L. }
    - { id: 11862, name: 'Eruca sativa', author: Mill. }
    - { id: 79400, name: 'Brassica erucoides', author: Roxb. }
    - { id: 623241, name: 'Eruca eruca', author: 'Asch. & Graebn. (L.)' }
    - { id: 188944, name: 'Eruca vesicaria subvar. oleracea', author: '(J.St.-Hil.) Emb. & Maire' }
    - { id: 188943, name: 'Eruca cappadocica', author: Reut. }
    - { id: 188940, name: 'Eruca deserti', author: Pomel }
    - { id: 188941, name: 'Eruca orthosepala', author: '(Lange) Lange' }
    - { id: 188942, name: 'Eruca vesicaria subvar. hispida', author: '(Ten.) Thell.' }
    - { id: 188945, name: 'Eruca oleracea', author: J.St.-Hil. }
    - { id: 188946, name: 'Eruca longirostris', author: Uechtr. }
    - { id: 188947, name: 'Eruca longistyla', author: Pomel }
    - { id: 188948, name: 'Brassica vesicaria', author: L. }
    - { id: 188949, name: 'Velleruca vesicaria', author: '(L.) Pomel' }
    - { id: 188950, name: 'Euzomum hispidum', author: Link }
    - { id: 188951, name: 'Eruca permixta', author: Jord. }
    - { id: 188952, name: 'Velleruca longistyla', author: Pomel }
    - { id: 188953, name: 'Brassica turgida', author: Pers. }
    - { id: 188955, name: 'Raphanus vesicarius', author: '(L.) Crantz' }
    - { id: 188956, name: 'Eruca stenocarpa', author: 'Boiss. & Reut.' }
    - { id: 188957, name: 'Eruca lanceolata', author: Pomel }
    - { id: 188958, name: 'Eruca subbipinnata', author: Chiov. }
    - { id: 188959, name: 'Sinapis eruca', author: '(L.) Vest' }
    - { id: 188960, name: 'Eruca lativalvis', author: Boiss. }
    - { id: 188961, name: 'Brassica hispida', author: Ten. }
    - { id: 188962, name: 'Eruca glabrescens', author: Jord. }
    - { id: 188963, name: 'Eruca grandiflora', author: Cav. }
    - { id: 188964, name: 'Sinapis exotica', author: DC. }
    - { id: 188965, name: 'Eruca ruchetta', author: Spach }
    - { id: 188966, name: 'Brassica lativalvis', author: Boiss. }
    - { id: 188967, name: 'Crucifera eruca', author: E.H.L.Krause }
    - { id: 188968, name: 'Eruca foetida', author: Moench }
    - { id: 188969, name: 'Eruca sativa subsp. lativalvis', author: '(Boiss.) Greuter & Burdet' }
    - { id: 188970, name: 'Euzomum vesicarium', author: '(L.) Link' }
    - { id: 188971, name: 'Euzomum sativum', author: Link }
    - { id: 188972, name: 'Brassica uechtritziana', author: Janka }
sources:
    - { id: ERVE5, name: USDA, url: 'https://plants.usda.gov/core/profile?symbol=ERVE5', citation: 'https://plants.sc.egov.usda.gov/core/profile?symbol=ERVE5', lastUpdate: '2020-06-21T20:22:58+00:00' }
    - { id: 'urn:lsid:ipni.org:names:1137625-2', name: POWO, url: 'http://powo.science.kew.org/taxon/urn:lsid:ipni.org:names:1137625-2', citation: 'POWO (2019). Plants of the World Online. Facilitated by the Royal Botanic Gardens, Kew. Published on the Internet; http://www.plantsoftheworldonline.org/ Retrieved 2020-06-23', lastUpdate: '2020-06-23T17:08:04+00:00' }
    - { id: 13/3.0.2.0.3, name: CATMINAT, url: null, citation: null, lastUpdate: '2020-07-04T18:47:52+00:00' }
    - { id: 'Eruca vesicaria (L.) Cav.', name: PlantNet, url: 'https://identify.plantnet.org/species/the-plant-list/Eruca vesicaria (L.) Cav.', citation: null, lastUpdate: '2020-06-16T22:38:19+00:00' }
    - { id: '5375920', name: GBIF, url: 'https://www.gbif.org/species/5375920', citation: null, lastUpdate: '2020-06-16T22:38:19+00:00' }
    - { id: '5375925', name: GBIF, url: 'https://www.gbif.org/species/5375925', citation: null, lastUpdate: '2020-08-07T05:22:25+00:00' }
    - { id: 'Eruca vesicaria', name: Wikipedia, url: 'https://en.wikipedia.org/wiki/Eruca vesicaria', citation: null, lastUpdate: '2020-08-15T10:35:55+00:00' }
