id: 1
name: Plantae
links:
    self: /api/v1/kingdoms/1
